lib/agents/orchestrator.ts(25,38): error TS2769: No overload matches this call.
  Overload 1 of 3, '(callbackfn: (previousValue: { key: string; value: JsonValue; updatedAt: Date; }, currentValue: { key: string; value: JsonValue; updatedAt: Date; }, currentIndex: number, array: { ...; }[]) => { ...; }, initialValue: { ...; }): { ...; }', gave the following error.
    Argument of type '(acc: Record<string, string>, curr: { key: string; value: string; }) => Record<string, string>' is not assignable to parameter of type '(previousValue: { key: string; value: JsonValue; updatedAt: Date; }, currentValue: { key: string; value: JsonValue; updatedAt: Date; }, currentIndex: number, array: { ...; }[]) => { ...; }'.
      Types of parameters 'acc' and 'previousValue' are incompatible.
        Type '{ key: string; value: JsonValue; updatedAt: Date; }' is not assignable to type 'Record<string, string>'.
          Property 'value' is incompatible with index signature.
            Type 'JsonValue' is not assignable to type 'string'.
              Type 'null' is not assignable to type 'string'.
  Overload 2 of 3, '(callbackfn: (previousValue: Record<string, string>, currentValue: { key: string; value: JsonValue; updatedAt: Date; }, currentIndex: number, array: { key: string; value: JsonValue; updatedAt: Date; }[]) => Record<...>, initialValue: Record<...>): Record<...>', gave the following error.
    Argument of type '(acc: Record<string, string>, curr: { key: string; value: string; }) => Record<string, string>' is not assignable to parameter of type '(previousValue: Record<string, string>, currentValue: { key: string; value: JsonValue; updatedAt: Date; }, currentIndex: number, array: { key: string; value: JsonValue; updatedAt: Date; }[]) => Record<...>'.
      Types of parameters 'curr' and 'currentValue' are incompatible.
        Type '{ key: string; value: JsonValue; updatedAt: Date; }' is not assignable to type '{ key: string; value: string; }'.
          Types of property 'value' are incompatible.
            Type 'JsonValue' is not assignable to type 'string'.
              Type 'null' is not assignable to type 'string'.
lib/agents/orchestrator.ts(30,43): error TS2339: Property 'SCRAPER_LIMIT_PER_SOURCE' does not exist on type '{ key: string; value: JsonValue; updatedAt: Date; }'.
lib/agents/orchestrator.ts(31,44): error TS2339: Property 'WHATSAPP_BATCH_DELAY' does not exist on type '{ key: string; value: JsonValue; updatedAt: Date; }'.
