lower_thresholds_Tiobred.ts(26,17): error TS2561: Object literal may only specify known properties, but 'accountId_key' does not exist in type 'SystemConfigWhereUniqueInput'. Did you mean to write 'accountId'?
test_original_flow.ts(2,10): error TS2305: Module '"./lib/agents/orchestrator"' has no exported member 'Orchestrator'.
